Archive member included because of file (symbol)

../cross_compiler/lib/gcc/arm-none-eabi/4.8.1//libgcc.a(_udivsi3.o)
                              binaries/qsort.o (__aeabi_uidiv)
../cross_compiler/lib/gcc/arm-none-eabi/4.8.1//libgcc.a(_divsi3.o)
                              binaries/doprnt.o (__aeabi_idiv)
../cross_compiler/lib/gcc/arm-none-eabi/4.8.1//libgcc.a(_dvmd_tls.o)
                              ../cross_compiler/lib/gcc/arm-none-eabi/4.8.1//libgcc.a(_udivsi3.o) (__aeabi_idiv0)
../cross_compiler/lib/gcc/arm-none-eabi/4.8.1//libgcc.a(_arm_muldivdf3.o)
                              binaries/doprnt.o (__aeabi_dmul)
../cross_compiler/lib/gcc/arm-none-eabi/4.8.1//libgcc.a(_arm_cmpdf2.o)
                              binaries/doprnt.o (__aeabi_dcmplt)
../cross_compiler/lib/gcc/arm-none-eabi/4.8.1//libgcc.a(_arm_fixdfsi.o)
                              binaries/doprnt.o (__aeabi_d2iz)

Allocating common symbols
Common symbol       size              file

netbufpool          0x4               binaries/net.o
readylist           0x2               binaries/ready.o
rfltab              0x5a0             binaries/rflinit.o
netportseed         0x4               binaries/net.o
sleepq              0x2               binaries/clkinit.o
intc_vector         0x200             binaries/evec.o
nnames              0x4               binaries/naminit.o
udptab              0x168             binaries/udp.o
minheap             0x4               binaries/meminit.o
marks               0x50              binaries/mark.o
currpid             0x4               binaries/initialize.o
Lf_data             0x20c             binaries/lfsinit.o
porttab             0x2d0             binaries/ptinit.o
ttytab              0x110             binaries/ttyinit.o
queue               0x34              binaries/main.o
proctab             0x15e0            binaries/initialize.o
eth_a_regs          0x1c              binaries/ethinit.o
prcount             0x4               binaries/initialize.o
lfltab              0xf00             binaries/lflinit.o
producer_id         0x4               binaries/main.o
rdstab              0x8c              binaries/rdsinit.o
ethertab            0x138             binaries/ethinit.o
NetData             0xb0              binaries/net.o
nmarks              0x4               binaries/mark.o
Defer               0x8               binaries/resched.o
semtab              0x4b0             binaries/initialize.o
mtxQueue            0x4               binaries/main.o
maxheap             0x4               binaries/meminit.o
preempt             0x4               binaries/clkinit.o
buftab              0xf0              binaries/bufinit.o
Rf_data             0x18              binaries/rfsinit.o
mkmutex             0x4               binaries/mark.o
clktime             0x4               binaries/clkinit.o
arpcache            0x140             binaries/arp.o
icmptab             0x230             binaries/icmp.o
nbpools             0x4               binaries/bufinit.o
queuetab            0x980             binaries/queue.o
ptnextid            0x4               binaries/ptinit.o
Ram                 0x19000           binaries/raminit.o
consumer_id         0x4               binaries/main.o
ipoqueue            0x2c              binaries/ip.o
memlist             0x8               binaries/initialize.o
nametab             0x19a0            binaries/naminit.o
ptfree              0x4               binaries/ptinit.o
theQueue            0x34              binaries/main.o

Memory Configuration

Name             Origin             Length             Attributes
*default*        0x00000000         0xffffffff

Linker script and memory map

                0x81000000                physbase = 0x81000000
                0x81000000                . = physbase
                0x81000000                . = ALIGN (0x1000)

.text           0x81000000    0x16000
                0x81000000                text = ABSOLUTE (.)
 *(.text .text.*)
 .text          0x81000000       0x4c binaries/start.o
                0x81000000                start
 .text          0x8100004c      0x33c binaries/ascdate.o
                0x8100004c                ascdate
 .text          0x81000388       0x18 binaries/bufinit.o
                0x81000388                bufinit
 .text          0x810003a0       0x68 binaries/chprio.o
                0x810003a0                chprio
 .text          0x81000408       0xf0 binaries/clkhandler.o
                0x81000408                clkhandler
 .text          0x810004f8       0xd4 binaries/clkinit.o
                0x810004f8                clkinit
 .text          0x810005cc       0x50 binaries/close.o
                0x810005cc                close
 .text          0x8100061c        0x0 binaries/conf.o
 .text          0x8100061c       0x68 binaries/control.o
                0x8100061c                control
 .text          0x81000684      0x290 binaries/create.o
                0x81000684                create
 .text          0x81000914       0xb0 binaries/evec.o
                0x81000914                initintc
                0x81000940                set_evec
                0x81000980                irq_dispatch
 .text          0x810009c4       0x10 binaries/exit.o
                0x810009c4                exit
 .text          0x810009d4       0x7c binaries/freebuf.o
                0x810009d4                freebuf
 .text          0x81000a50      0x148 binaries/freemem.o
                0x81000a50                freemem
 .text          0x81000b98       0x78 binaries/getbuf.o
                0x81000b98                getbuf
 .text          0x81000c10       0x50 binaries/getc.o
                0x81000c10                getc
 .text          0x81000c60       0x68 binaries/getdev.o
                0x81000c60                getdev
 .text          0x81000cc8       0xa0 binaries/getitem.o
                0x81000cc8                getitem
                0x81000cf8                getfirst
                0x81000d2c                getlast
 .text          0x81000d68      0x108 binaries/getmem.o
                0x81000d68                getmem
 .text          0x81000e70       0x10 binaries/getpid.o
                0x81000e70                getpid
 .text          0x81000e80       0x5c binaries/getprio.o
                0x81000e80                getprio
 .text          0x81000edc       0xc8 binaries/getstk.o
                0x81000edc                getstk
 .text          0x81000fa4        0x8 binaries/getticks.o
                0x81000fa4                getticks
 .text          0x81000fac       0x38 binaries/gettime.o
                0x81000fac                gettime
 .text          0x81000fe4      0x1f4 binaries/getutime.o
                0x81000fe4                getutime
 .text          0x810011d8       0x50 binaries/init.o
                0x810011d8                init
 .text          0x81001228      0x348 binaries/initialize.o
                0x810012cc                nulluser
                0x81001510                stop
                0x81001534                delay
 .text          0x81001570       0xd0 binaries/insert.o
                0x81001570                insert
 .text          0x81001640      0x134 binaries/insertd.o
                0x81001640                insertd
 .text          0x81001774        0x8 binaries/ioerr.o
                0x81001774                ioerr
 .text          0x8100177c        0x8 binaries/ionull.o
                0x8100177c                ionull
 .text          0x81001784      0x158 binaries/kill.o
                0x81001784                kill
 .text          0x810018dc       0xd0 binaries/kprintf.o
                0x810018dc                kputc
                0x8100192c                kgetc
                0x8100196c                kprintf
 .text          0x810019ac      0x490 binaries/main.o
                0x810019ac                initializeQueue
                0x810019d8                isEmpty
                0x810019e8                putItem
                0x81001a6c                getItem
                0x81001ac8                printQueueStats
                0x81001ae8                rcv_UDP_data
                0x81001ba0                fillbuffer
                0x81001c1c                send_UDP_data
                0x81001cb8                readfrombuffer
                0x81001d88                main
 .text          0x81001e3c       0xd0 binaries/mark.o
                0x81001e3c                markinit
                0x81001e68                mark
 .text          0x81001f0c       0x48 binaries/meminit.o
                0x81001f0c                meminit
 .text          0x81001f54      0x140 binaries/mkbufpool.o
                0x81001f54                mkbufpool
 .text          0x81002094       0x7c binaries/newqueue.o
                0x81002094                newqueue
 .text          0x81002110       0x60 binaries/open.o
                0x81002110                open
 .text          0x81002170       0x20 binaries/panic.o
                0x81002170                panic
 .text          0x81002190       0xac binaries/platinit.o
                0x81002190                counterinit
                0x810021a8                platinit
 .text          0x8100223c       0xa8 binaries/ptclear.o
                0x8100223c                _ptclear
 .text          0x810022e4       0x78 binaries/ptcount.o
                0x810022e4                ptcount
 .text          0x8100235c       0xdc binaries/ptcreate.o
                0x8100235c                ptcreate
 .text          0x81002438       0xbc binaries/ptinit.o
                0x81002438                ptinit
 .text          0x810024f4       0xd0 binaries/ptrecv.o
                0x810024f4                ptrecv
 .text          0x810025c4       0x68 binaries/ptreset.o
                0x810025c4                ptreset
 .text          0x8100262c       0xf4 binaries/ptsend.o
                0x8100262c                ptsend
 .text          0x81002720       0x58 binaries/putc.o
                0x81002720                putc
 .text          0x81002778       0xf4 binaries/queue.o
                0x81002778                enqueue
                0x81002810                dequeue
 .text          0x8100286c       0x60 binaries/read.o
                0x8100286c                read
 .text          0x810028cc       0x74 binaries/ready.o
                0x810028cc                ready
 .text          0x81002940       0x60 binaries/receive.o
                0x81002940                receive
 .text          0x810029a0       0x48 binaries/recvclr.o
                0x810029a0                recvclr
 .text          0x810029e8       0xb0 binaries/recvtime.o
                0x810029e8                recvtime
 .text          0x81002a98      0x1ac binaries/resched.o
                0x81002a98                resched
                0x81002b88                resched_cntl
 .text          0x81002c44       0x90 binaries/resume.o
                0x81002c44                resume
 .text          0x81002cd4       0x58 binaries/seek.o
                0x81002cd4                seek
 .text          0x81002d2c       0x58 binaries/semcount.o
                0x81002d2c                semcount
 .text          0x81002d84       0xb8 binaries/semcreate.o
                0x81002d84                semcreate
 .text          0x81002e3c       0xac binaries/semdelete.o
                0x81002e3c                semdelete
 .text          0x81002ee8       0xa4 binaries/semreset.o
                0x81002ee8                semreset
 .text          0x81002f8c       0xc0 binaries/send.o
                0x81002f8c                send
 .text          0x8100304c       0x80 binaries/signal.o
                0x8100304c                signal
 .text          0x810030cc       0xb0 binaries/signaln.o
                0x810030cc                signaln
 .text          0x8100317c       0xcc binaries/sleep.o
                0x8100317c                sleepms
                0x81003218                sleep
 .text          0x81003248       0xbc binaries/suspend.o
                0x81003248                suspend
 .text          0x81003304       0xb8 binaries/unsleep.o
                0x81003304                unsleep
 .text          0x810033bc       0x10 binaries/userret.o
                0x810033bc                userret
 .text          0x810033cc       0xac binaries/wait.o
                0x810033cc                wait
 .text          0x81003478       0xa0 binaries/wakeup.o
                0x81003478                wakeup
 .text          0x81003518       0x60 binaries/write.o
                0x81003518                write
 .text          0x81003578       0x18 binaries/xdone.o
                0x81003578                xdone
 .text          0x81003590       0x20 binaries/yield.o
                0x81003590                yield
 .text          0x810035b0        0xc binaries/abs.o
                0x810035b0                abs
 .text          0x810035bc      0x114 binaries/atoi.o
                0x810035bc                atoi
 .text          0x810036d0      0x114 binaries/atol.o
                0x810036d0                atol
 .text          0x810037e4       0x20 binaries/bzero.o
                0x810037e4                bzero
 .text          0x81003804        0x0 binaries/ctype_.o
 .text          0x81003804      0xa34 binaries/doprnt.o
                0x81003a24                _doprnt
 .text          0x81004238      0x704 binaries/doscan.o
                0x81004238                _doscan
 .text          0x8100493c      0x898 binaries/fdoprnt.o
                0x810049e8                _fdoprnt
 .text          0x810051d4       0x14 binaries/fgetc.o
                0x810051d4                fgetc
 .text          0x810051e8       0x84 binaries/fgets.o
                0x810051e8                fgets
 .text          0x8100526c       0x3c binaries/fprintf.o
                0x8100526c                fprintf
 .text          0x810052a8       0x24 binaries/fputc.o
                0x810052a8                fputc
 .text          0x810052cc       0x38 binaries/fputs.o
                0x810052cc                fputs
 .text          0x81005304       0x78 binaries/fscanf.o
                0x81005338                fscanf
 .text          0x8100537c       0x2c binaries/getchar.o
                0x8100537c                getchar
 .text          0x810053a8        0xc binaries/labs.o
                0x810053a8                labs
 .text          0x810053b4        0x0 binaries/memchr.o
 .text          0x810053b4       0x60 binaries/memcmp.o
                0x810053b4                memcmp
 .text          0x81005414       0x24 binaries/memcpy.o
                0x81005414                memcpy
 .text          0x81005438       0x20 binaries/memset.o
                0x81005438                memset
 .text          0x81005458       0x58 binaries/printf.o
                0x81005458                printf
 .text          0x810054b0       0x2c binaries/putchar.o
                0x810054b0                putchar
 .text          0x810054dc      0x254 binaries/qsort.o
                0x81005710                qsort
 .text          0x81005730       0x7c binaries/rand.o
                0x81005730                rand
                0x81005768                rand_r
                0x8100579c                srand
 .text          0x810057ac       0x68 binaries/sprintf.o
                0x810057c4                sprintf
 .text          0x81005814       0x78 binaries/sscanf.o
                0x81005848                sscanf
 .text          0x8100588c       0x48 binaries/strchr.o
                0x8100588c                strchr
 .text          0x810058d4       0x54 binaries/strcmp.o
                0x810058d4                strcmp
 .text          0x81005928       0x18 binaries/strcpy.o
                0x81005928                strcpy
 .text          0x81005940       0x30 binaries/strlen.o
                0x81005940                strlen
 .text          0x81005970       0x50 binaries/strncat.o
                0x81005970                strncat
 .text          0x810059c0       0x54 binaries/strncmp.o
                0x810059c0                strncmp
 .text          0x81005a14       0x80 binaries/strncpy.o
                0x81005a14                strncpy
 .text          0x81005a94       0x48 binaries/strnlen.o
                0x81005a94                strnlen
 .text          0x81005adc       0x58 binaries/strrchr.o
                0x81005adc                strrchr
 .text          0x81005b34       0xb0 binaries/strstr.o
                0x81005b34                strstr
 .text          0x81005be4       0xc8 binaries/ttycontrol.o
                0x81005be4                ttycontrol
 .text          0x81005cac       0x6c binaries/ttygetc.o
                0x81005cac                ttygetc
 .text          0x81005d18      0x4d8 binaries/ttyhandle_in.o
                0x81005de4                ttyhandle_in
 .text          0x810061f0      0x14c binaries/ttyhandle_out.o
                0x810061f0                ttyhandle_out
 .text          0x8100633c       0xc8 binaries/ttyhandler.o
                0x8100633c                ttyhandler
 .text          0x81006404      0x120 binaries/ttyinit.o
                0x81006404                ttyinit
 .text          0x81006524        0xc binaries/ttykickout.o
                0x81006524                ttykickout
 .text          0x81006530       0x78 binaries/ttyputc.o
                0x81006530                ttyputc
 .text          0x810065a8      0x110 binaries/ttyread.o
                0x810065a8                ttyread
 .text          0x810066b8       0x4c binaries/ttywrite.o
                0x810066b8                ttywrite
 .text          0x81006704      0x134 binaries/mount.o
                0x81006704                namlen
                0x81006758                mount
 .text          0x81006838      0x1c8 binaries/naminit.o
                0x81006838                naminit
 .text          0x81006a00      0x240 binaries/nammap.o
                0x81006a00                namrepl
                0x81006b38                namcpy
                0x81006b94                nammap
 .text          0x81006c40       0x40 binaries/namopen.o
                0x81006c40                namopen
 .text          0x81006c80       0x40 binaries/ethcontrol.o
                0x81006c80                ethcontrol
 .text          0x81006cc0      0x178 binaries/ethhandler.o
                0x81006cc0                ethhandler
 .text          0x81006e38      0x734 binaries/ethinit.o
                0x81006e38                eth_phy_read
                0x81006ea8                eth_phy_write
                0x81006f00                eth_phy_reset
                0x81007070                ethinit
 .text          0x8100756c       0xd8 binaries/ethread.o
                0x8100756c                ethread
 .text          0x81007644       0xf0 binaries/ethwrite.o
                0x81007644                ethwrite
 .text          0x81007734       0x90 binaries/rdsbufalloc.o
                0x81007734                rdsbufalloc
 .text          0x810077c4       0xa0 binaries/rdsclose.o
                0x810077c4                rdsclose
 .text          0x81007864      0x20c binaries/rdscomm.o
                0x81007864                rdscomm
 .text          0x81007a70      0x1a0 binaries/rdscontrol.o
                0x81007a70                rdscontrol
 .text          0x81007c10      0x180 binaries/rdsinit.o
                0x81007c10                rdsinit
 .text          0x81007d90      0x134 binaries/rdsopen.o
                0x81007d90                rdsopen
 .text          0x81007ec4      0x304 binaries/rdsprocess.o
                0x81007ec4                rdsprocess
 .text          0x810081c8      0x210 binaries/rdsread.o
                0x810081c8                rdsread
 .text          0x810083d8      0x184 binaries/rdswrite.o
                0x810083d8                rdswrite
 .text          0x8100855c        0x8 binaries/ramclose.o
                0x8100855c                ramclose
 .text          0x81008564       0x3c binaries/raminit.o
                0x81008564                raminit
 .text          0x810085a0        0x8 binaries/ramopen.o
                0x810085a0                ramopen
 .text          0x810085a8       0x24 binaries/ramread.o
                0x810085a8                ramread
 .text          0x810085cc       0x20 binaries/ramwrite.o
                0x810085cc                ramwrite
 .text          0x810085ec       0x94 binaries/lfdballoc.o
                0x810085ec                lfdballoc
 .text          0x81008680       0x4c binaries/lfdbfree.o
                0x81008680                lfdbfree
 .text          0x810086cc       0xb8 binaries/lfflush.o
                0x810086cc                lfflush
 .text          0x81008784       0xc8 binaries/lfgetmode.o
                0x81008784                lfgetmode
 .text          0x8100884c       0x6c binaries/lfiballoc.o
                0x8100884c                lfiballoc
 .text          0x810088b8       0x30 binaries/lfibclear.o
                0x810088b8                lfibclear
 .text          0x810088e8       0x64 binaries/lfibget.o
                0x810088e8                lfibget
 .text          0x8100894c       0x8c binaries/lfibput.o
                0x8100894c                lfibput
 .text          0x810089d8       0x84 binaries/lflclose.o
                0x810089d8                lflclose
 .text          0x81008a5c       0xa0 binaries/lflcontrol.o
                0x81008a5c                lflcontrol
 .text          0x81008afc       0xa8 binaries/lflgetc.o
                0x81008afc                lflgetc
 .text          0x81008ba4       0xa8 binaries/lflinit.o
                0x81008ba4                lflinit
 .text          0x81008c4c       0xdc binaries/lflputc.o
                0x81008c4c                lflputc
 .text          0x81008d28       0x78 binaries/lflread.o
                0x81008d28                lflread
 .text          0x81008da0       0x80 binaries/lflseek.o
                0x81008da0                lflseek
 .text          0x81008e20       0x5c binaries/lflwrite.o
                0x81008e20                lflwrite
 .text          0x81008e7c       0xa0 binaries/lfscheck.o
                0x81008e7c                lfscheck
 .text          0x81008f1c      0x144 binaries/lfsckfmt.o
                0x81008f1c                lfsckfmt
 .text          0x81009060      0x15c binaries/lfscreate.o
                0x81009060                lfscreate
 .text          0x810091bc      0x1f0 binaries/lfsetup.o
                0x810091bc                lfsetup
 .text          0x810093ac       0x44 binaries/lfsinit.o
                0x810093ac                lfsinit
 .text          0x810093f0      0x358 binaries/lfsopen.o
                0x810093f0                lfsopen
 .text          0x81009748      0x108 binaries/lftruncate.o
                0x81009748                lftruncate
 .text          0x81009850       0x70 binaries/rflclose.o
                0x81009850                rflclose
 .text          0x810098c0       0x28 binaries/rflgetc.o
                0x810098c0                rflgetc
 .text          0x810098e8       0x54 binaries/rflinit.o
                0x810098e8                rflinit
 .text          0x8100993c       0x30 binaries/rflputc.o
                0x8100993c                rflputc
 .text          0x8100996c      0x28c binaries/rflread.o
                0x8100996c                rflread
 .text          0x81009bf8       0x74 binaries/rflseek.o
                0x81009bf8                rflseek
 .text          0x81009c6c      0x2c8 binaries/rflwrite.o
                0x81009c6c                rflwrite
 .text          0x81009f34      0x198 binaries/rfscomm.o
                0x81009f34                rfscomm
 .text          0x8100a0cc      0x224 binaries/rfscontrol.o
                0x8100a0cc                rfscontrol
 .text          0x8100a2f0       0xc8 binaries/rfsgetmode.o
                0x8100a2f0                rfsgetmode
 .text          0x8100a3b8       0x84 binaries/rfsinit.o
                0x8100a3b8                rfsinit
 .text          0x8100a43c       0xa4 binaries/rfsndmsg.o
                0x8100a43c                rfsndmsg
 .text          0x8100a4e0      0x22c binaries/rfsopen.o
                0x8100a4e0                rfsopen
 .text          0x8100a70c       0x8c binaries/spicontrol.o
                0x8100a70c                spicontrol
 .text          0x8100a798       0xa8 binaries/spiinit.o
                0x8100a798                spiinit
 .text          0x8100a840       0x1c binaries/gpgetc.o
                0x8100a840                gpgetc
 .text          0x8100a85c       0x34 binaries/gpinit.o
                0x8100a85c                gpinit
 .text          0x8100a890       0x94 binaries/gpputc.o
                0x8100a890                gpputc
 .text          0x8100a924       0x64 binaries/anlinit.o
                0x8100a924                anlinit
 .text          0x8100a988       0xbc binaries/anlread.o
                0x8100a988                anlread
 .text          0x8100aa44      0x714 binaries/arp.o
                0x8100aa44                arp_init
                0x8100aa64                arp_alloc
                0x8100ab38                arp_ntoh
                0x8100abdc                arp_hton
                0x8100ac80                arp_resolve
                0x8100aee4                arp_in
 .text          0x8100b158      0x6b0 binaries/dhcp.o
                0x8100b158                dhcp_get_opt_val
                0x8100b1b8                dhcp_bld_bootp_msg
                0x8100b2b0                dhcp_bld_disc
                0x8100b304                dhcp_bld_req
                0x8100b3c8                getlocalip
 .text          0x8100b808      0x56c binaries/dns.o
                0x8100b8f0                dnslookup
 .text          0x8100bd74      0x120 binaries/dot2ip.o
                0x8100bd74                dot2ip
 .text          0x8100be94      0x33c binaries/hexdump.o
                0x8100be94                hexdump
                0x8100bff4                hexadump
 .text          0x8100c1d0      0x660 binaries/icmp.o
                0x8100c1d0                icmp_init
                0x8100c1f4                icmp_register
                0x8100c2b0                icmp_recv
                0x8100c400                icmp_mkpkt
                0x8100c4f0                icmp_in
                0x8100c63c                icmp_send
                0x8100c6ac                icmp_release
                0x8100c768                icmp_cksum
                0x8100c7c8                icmp_hton
                0x8100c7fc                icmp_ntoh
 .text          0x8100c830      0x674 binaries/ip.o
                0x8100c830                ip_local
                0x8100c860                ipcksum
                0x8100c8a4                ip_ntoh
                0x8100c948                ip_in
                0x8100ca84                ip_hton
                0x8100cb28                ip_out
                0x8100cbdc                ip_send
                0x8100cd0c                ipout
                0x8100ce08                ip_enqueue
 .text          0x8100cea4      0x228 binaries/net.o
                0x8100cea4                net_init
                0x8100cfac                eth_hton
                0x8100cfc0                eth_ntoh
                0x8100cfd4                netin
                0x8100d07c                getport
 .text          0x8100d0cc      0x9dc binaries/pdump.o
                0x8100d0cc                pdump
                0x8100d658                pdumph
 .text          0x8100daa8      0x56c binaries/tftp.o
                0x8100daa8                tftp_send1
                0x8100db94                tftpget_mb
                0x8100dfe0                tftpget
 .text          0x8100e014      0x890 binaries/udp.o
                0x8100e014                udp_init
                0x8100e03c                udp_in
                0x8100e128                udp_register
                0x8100e224                udp_recv
                0x8100e358                udp_recvaddr
                0x8100e4a8                udp_send
                0x8100e620                udp_sendto
                0x8100e780                udp_release
                0x8100e83c                udp_ntoh
                0x8100e870                udp_hton
 .text          0x8100e8a4      0x120 binaries/addargs.o
                0x8100e8a4                addargs
 .text          0x8100e9c4      0x2b4 binaries/lexan.o
                0x8100e9c4                lexan
 .text          0x8100ec78      0x6ac binaries/shell.o
                0x8100ec78                shell
 .text          0x8100f324       0x64 binaries/xsh_argecho.o
                0x8100f324                xsh_argecho
 .text          0x8100f388      0x1f8 binaries/xsh_arp.o
                0x8100f388                xsh_arp
 .text          0x8100f580      0x23c binaries/xsh_cat.o
                0x8100f580                xsh_cat
 .text          0x8100f7bc       0x5c binaries/xsh_clear.o
                0x8100f7bc                xsh_clear
 .text          0x8100f818      0x29c binaries/xsh_date.o
                0x8100f818                xsh_date
 .text          0x8100fab4       0x98 binaries/xsh_devdump.o
                0x8100fab4                xsh_devdump
 .text          0x8100fb4c       0x68 binaries/xsh_echo.o
                0x8100fb4c                xsh_echo
 .text          0x8100fbb4        0x8 binaries/xsh_exit.o
                0x8100fbb4                xsh_exit
 .text          0x8100fbbc      0x3d0 binaries/xsh_help.o
                0x8100fbbc                xsh_help
 .text          0x8100ff8c      0x1f8 binaries/xsh_kill.o
                0x8100ff8c                xsh_kill
 .text          0x81010184      0x490 binaries/xsh_memdump.o
                0x81010280                xsh_memdump
 .text          0x81010614      0x224 binaries/xsh_memstat.o
                0x81010614                xsh_memstat
 .text          0x81010838      0x3fc binaries/xsh_netinfo.o
                0x81010838                xsh_netinfo
 .text          0x81010c34      0x3b0 binaries/xsh_ping.o
                0x81010c34                xsh_ping
 .text          0x81010fe4      0x220 binaries/xsh_ps.o
                0x81010fe4                xsh_ps
 .text          0x81011204      0x1cc binaries/xsh_sleep.o
                0x81011204                xsh_sleep
 .text          0x810113d0      0x244 binaries/xsh_udpdump.o
                0x810113d0                xsh_udpdump
 .text          0x81011614      0x400 binaries/xsh_udpecho.o
                0x81011614                xsh_udpecho
 .text          0x81011a14      0x254 binaries/xsh_udpserver.o
                0x81011a14                xsh_udpeserver
 .text          0x81011c68      0x1ac binaries/xsh_uptime.o
                0x81011c68                xsh_uptime
 .text          0x81011e14       0x2c binaries/ctxsw.o
                0x81011e14                ctxsw
 .text          0x81011e40      0x100 binaries/intr.o
                0x81011e40                disable
                0x81011e4c                restore
                0x81011e70                enable
                0x81011e78                pause
                0x81011e78                halt
                0x81011e80                irq_except
                0x81011eb0                initevec
                0x81011f10                expjmpinstr
 .text          0x81011f40      0x114 ../cross_compiler/lib/gcc/arm-none-eabi/4.8.1//libgcc.a(_udivsi3.o)
                0x81011f40                __udivsi3
                0x81011f40                __aeabi_uidiv
                0x81012034                __aeabi_uidivmod
 .text          0x81012054      0x148 ../cross_compiler/lib/gcc/arm-none-eabi/4.8.1//libgcc.a(_divsi3.o)
                0x81012054                __aeabi_idiv
                0x81012054                __divsi3
                0x8101217c                __aeabi_idivmod
 .text          0x8101219c        0x4 ../cross_compiler/lib/gcc/arm-none-eabi/4.8.1//libgcc.a(_dvmd_tls.o)
                0x8101219c                __aeabi_ldiv0
                0x8101219c                __aeabi_idiv0
 .text          0x810121a0      0x49c ../cross_compiler/lib/gcc/arm-none-eabi/4.8.1//libgcc.a(_arm_muldivdf3.o)
                0x810121a0                __aeabi_dmul
                0x810121a0                __muldf3
                0x81012430                __aeabi_ddiv
                0x81012430                __divdf3
 .text          0x8101263c      0x144 ../cross_compiler/lib/gcc/arm-none-eabi/4.8.1//libgcc.a(_arm_cmpdf2.o)
                0x8101263c                __gtdf2
                0x8101263c                __gedf2
                0x81012644                __ltdf2
                0x81012644                __ledf2
                0x8101264c                __cmpdf2
                0x8101264c                __eqdf2
                0x8101264c                __nedf2
                0x810126d4                __aeabi_cdrcmple
                0x810126f0                __aeabi_cdcmple
                0x810126f0                __aeabi_cdcmpeq
                0x81012708                __aeabi_dcmpeq
                0x81012720                __aeabi_dcmplt
                0x81012738                __aeabi_dcmple
                0x81012750                __aeabi_dcmpge
                0x81012768                __aeabi_dcmpgt
 .text          0x81012780       0x5c ../cross_compiler/lib/gcc/arm-none-eabi/4.8.1//libgcc.a(_arm_fixdfsi.o)
                0x81012780                __fixdfsi
                0x81012780                __aeabi_d2iz
 *(.rodata .rodata.*)
 .rodata.str1.4
                0x810127dc       0x78 binaries/ascdate.o
 .rodata.str1.4
                0x81012854       0xfa binaries/conf.o
                                 0xfc (size before relaxing)
 *fill*         0x8101294e        0x2 
 .rodata.str1.4
                0x81012950       0x61 binaries/getutime.o
                                 0x64 (size before relaxing)
 *fill*         0x810129b1        0x3 
 .rodata.str1.4
                0x810129b4      0x18c binaries/initialize.o
                                0x190 (size before relaxing)
 .rodata.str1.4
                0x81012b40      0x17b binaries/main.o
                                0x17c (size before relaxing)
 *fill*         0x81012cbb        0x1 
 .rodata.str1.4
                0x81012cbc        0xf binaries/panic.o
                                 0x10 (size before relaxing)
 *fill*         0x81012ccb        0x1 
 .rodata.str1.4
                0x81012ccc       0x1d binaries/ptinit.o
                                 0x20 (size before relaxing)
 *fill*         0x81012ce9        0x3 
 .rodata.str1.4
                0x81012cec       0x25 binaries/ptsend.o
                                 0x28 (size before relaxing)
 *fill*         0x81012d11        0x3 
 .rodata.str1.4
                0x81012d14       0x27 binaries/xdone.o
                                 0x28 (size before relaxing)
 *fill*         0x81012d3b        0x1 
 .rodata        0x81012d3c       0x84 binaries/ctype_.o
                0x81012d3c                _ctype_
 .rodata.str1.4
                0x81012dc0       0x2f binaries/doprnt.o
                                 0x30 (size before relaxing)
 .rodata.str1.4
                0x00000000       0x30 binaries/fdoprnt.o
 *fill*         0x81012def        0x1 
 .rodata.str1.4
                0x81012df0       0x86 binaries/naminit.o
                                 0x90 (size before relaxing)
 *fill*         0x81012e76        0x2 
 .rodata.str1.4
                0x81012e78       0xe5 binaries/ethinit.o
                                 0xe8 (size before relaxing)
 *fill*         0x81012f5d        0x3 
 .rodata.str1.4
                0x81012f60       0x12 binaries/ethread.o
                                 0x14 (size before relaxing)
 *fill*         0x81012f72        0x2 
 .rodata.str1.4
                0x81012f74       0x2c binaries/rdsbufalloc.o
 .rodata.str1.4
                0x81012fa0       0x76 binaries/rdscomm.o
                                 0x78 (size before relaxing)
 *fill*         0x81013016        0x2 
 .rodata.str1.4
                0x81013018       0x48 binaries/rdscontrol.o
 .rodata.str1.4
                0x81013060       0x96 binaries/rdsinit.o
                                 0x98 (size before relaxing)
 *fill*         0x810130f6        0x2 
 .rodata.str1.4
                0x810130f8       0x22 binaries/rdsopen.o
                                 0x24 (size before relaxing)
 *fill*         0x8101311a        0x2 
 .rodata.str1.4
                0x8101311c       0x4d binaries/rdsprocess.o
                                 0x50 (size before relaxing)
 *fill*         0x81013169        0x3 
 .rodata.str1.4
                0x8101316c        0x9 binaries/raminit.o
                                  0xc (size before relaxing)
 *fill*         0x81013175        0x3 
 .rodata.str1.4
                0x81013178       0x37 binaries/lfdballoc.o
                                 0x38 (size before relaxing)
 *fill*         0x810131af        0x1 
 .rodata.str1.4
                0x810131b0       0x14 binaries/lfiballoc.o
 .rodata.str1.4
                0x810131c4       0x23 binaries/lflcontrol.o
                                 0x24 (size before relaxing)
 *fill*         0x810131e7        0x1 
 .rodata.str1.4
                0x810131e8      0x11f binaries/lfsckfmt.o
                                0x120 (size before relaxing)
 *fill*         0x81013307        0x1 
 .rodata.str1.4
                0x81013308       0x2a binaries/lfsopen.o
                                 0x2c (size before relaxing)
 *fill*         0x81013332        0x2 
 .rodata.str1.4
                0x81013334       0x21 binaries/rflread.o
                                 0x24 (size before relaxing)
 .rodata.str1.4
                0x00000000       0x24 binaries/rflwrite.o
 *fill*         0x81013355        0x3 
 .rodata.str1.4
                0x81013358       0x75 binaries/rfscomm.o
                                 0x78 (size before relaxing)
 *fill*         0x810133cd        0x3 
 .rodata.str1.4
                0x810133d0       0x23 binaries/rfscontrol.o
                                 0x24 (size before relaxing)
 *fill*         0x810133f3        0x1 
 .rodata.str1.4
                0x810133f4       0x63 binaries/rfsinit.o
                                 0x64 (size before relaxing)
 *fill*         0x81013457        0x1 
 .rodata.str1.4
                0x81013458       0x2a binaries/rfsndmsg.o
                                 0x2c (size before relaxing)
 .rodata.str1.4
                0x00000000       0x24 binaries/rfsopen.o
 *fill*         0x81013482        0x2 
 .rodata.str1.4
                0x81013484       0x16 binaries/gpinit.o
                                 0x18 (size before relaxing)
 *fill*         0x8101349a        0x2 
 .rodata.str1.4
                0x8101349c       0x34 binaries/gpputc.o
 .rodata.str1.4
                0x810134d0       0x67 binaries/anlread.o
                                 0x6c (size before relaxing)
 *fill*         0x81013537        0x1 
 .rodata.str1.4
                0x81013538       0x3d binaries/arp.o
                                 0x40 (size before relaxing)
 *fill*         0x81013575        0x3 
 .rodata.str1.4
                0x81013578       0xd3 binaries/dhcp.o
                                 0xd4 (size before relaxing)
 *fill*         0x8101364b        0x1 
 .rodata.str1.4
                0x8101364c       0x1a binaries/dns.o
                                 0x1c (size before relaxing)
 *fill*         0x81013666        0x2 
 .rodata.str1.4
                0x81013668       0xca binaries/hexdump.o
                                 0xd8 (size before relaxing)
 *fill*         0x81013732        0x2 
 .rodata.str1.4
                0x81013734       0x29 binaries/icmp.o
                                 0x2c (size before relaxing)
 *fill*         0x8101375d        0x3 
 .rodata.str1.4
                0x81013760       0x6e binaries/ip.o
                                 0x70 (size before relaxing)
 *fill*         0x810137ce        0x2 
 .rodata.str1.4
                0x810137d0       0x53 binaries/net.o
                                 0x54 (size before relaxing)
 *fill*         0x81013823        0x1 
 .rodata.str1.4
                0x81013824      0x292 binaries/pdump.o
                                0x298 (size before relaxing)
 *fill*         0x81013ab6        0x2 
 .rodata.str1.4
                0x81013ab8      0x154 binaries/tftp.o
                                0x158 (size before relaxing)
 .rodata        0x81013c0c       0xfc binaries/shell.o
                0x81013c0c                cmdtab
 .rodata.str1.4
                0x81013d08      0x2e6 binaries/shell.o
                                0x2f0 (size before relaxing)
 *fill*         0x81013fee        0x2 
 .rodata.str1.4
                0x81013ff0       0x29 binaries/xsh_argecho.o
                                 0x30 (size before relaxing)
 *fill*         0x81014019        0x3 
 .rodata.str1.4
                0x8101401c      0x13e binaries/xsh_arp.o
                                0x144 (size before relaxing)
 *fill*         0x8101415a        0x2 
 .rodata.str1.4
                0x8101415c       0x81 binaries/xsh_cat.o
                                 0xd4 (size before relaxing)
 *fill*         0x810141dd        0x3 
 .rodata.str1.4
                0x810141e0       0x19 binaries/xsh_clear.o
                                 0x1c (size before relaxing)
 *fill*         0x810141f9        0x3 
 .rodata.str1.4
                0x810141fc      0x1af binaries/xsh_date.o
                                0x1cc (size before relaxing)
 *fill*         0x810143ab        0x1 
 .rodata.str1.4
                0x810143ac       0x61 binaries/xsh_devdump.o
                                 0x64 (size before relaxing)
 *fill*         0x8101440d        0x3 
 .rodata.str1.4
                0x81014410        0x4 binaries/xsh_echo.o
                                  0xc (size before relaxing)
 .rodata.str1.4
                0x81014414       0xe7 binaries/xsh_help.o
                                0x17c (size before relaxing)
 *fill*         0x810144fb        0x1 
 .rodata.str1.4
                0x810144fc       0xc8 binaries/xsh_kill.o
                                0x138 (size before relaxing)
 .rodata.str1.4
                0x810145c4      0x226 binaries/xsh_memdump.o
                                0x27c (size before relaxing)
 *fill*         0x810147ea        0x2 
 .rodata.str1.4
                0x810147ec      0x1cc binaries/xsh_memstat.o
                                0x234 (size before relaxing)
 .rodata.str1.4
                0x810149b8      0x10f binaries/xsh_netinfo.o
                                0x1cc (size before relaxing)
 *fill*         0x81014ac7        0x1 
 .rodata.str1.4
                0x81014ac8      0x13f binaries/xsh_ping.o
                                0x1b4 (size before relaxing)
 *fill*         0x81014c07        0x1 
 .rodata        0x81014c08       0x20 binaries/xsh_ps.o
 .rodata.str1.4
                0x81014c28      0x11a binaries/xsh_ps.o
                                0x1d4 (size before relaxing)
 *fill*         0x81014d42        0x2 
 .rodata.str1.4
                0x81014d44       0x5e binaries/xsh_sleep.o
                                 0xf8 (size before relaxing)
 *fill*         0x81014da2        0x2 
 .rodata        0x81014da4        0xc binaries/xsh_udpdump.o
 .rodata.str1.4
                0x81014db0      0x122 binaries/xsh_udpdump.o
                                0x1e0 (size before relaxing)
 *fill*         0x81014ed2        0x2 
 .rodata.str1.4
                0x81014ed4      0x1ae binaries/xsh_udpecho.o
                                0x224 (size before relaxing)
 *fill*         0x81015082        0x2 
 .rodata.str1.4
                0x81015084       0x97 binaries/xsh_udpserver.o
                                0x13c (size before relaxing)
 *fill*         0x8101511b        0x1 
 .rodata.str1.4
                0x8101511c       0x78 binaries/xsh_uptime.o
                                0x114 (size before relaxing)
                0x81015194                etext = ABSOLUTE (.)
                0x81016000                . = ALIGN (0x1000)
 *fill*         0x81015194      0xe6c 

.glue_7         0x81016000        0x0
 .glue_7        0x00000000        0x0 linker stubs

.glue_7t        0x81016000        0x0
 .glue_7t       0x00000000        0x0 linker stubs

.vfp11_veneer   0x81016000        0x0
 .vfp11_veneer  0x00000000        0x0 linker stubs

.v4_bx          0x81016000        0x0
 .v4_bx         0x00000000        0x0 linker stubs

.iplt           0x81016000        0x0
 .iplt          0x00000000        0x0 binaries/start.o

.rel.dyn        0x81016000        0x0
 .rel.iplt      0x00000000        0x0 binaries/start.o

.data           0x81016000     0x1000
                0x81016000                data = ABSOLUTE (.)
 *(.data .data.*)
 .data          0x81016000        0x0 binaries/start.o
 .data          0x81016000       0x88 binaries/ascdate.o
                0x81016000                Date
 .data          0x81016088        0x0 binaries/bufinit.o
 .data          0x81016088        0x0 binaries/chprio.o
 .data          0x81016088        0x4 binaries/clkhandler.o
 .data          0x8101608c        0x0 binaries/clkinit.o
 .data          0x8101608c        0x0 binaries/close.o
 .data          0x8101608c      0x708 binaries/conf.o
                0x8101608c                devtab
 .data          0x81016794        0x0 binaries/control.o
 .data          0x81016794        0x4 binaries/create.o
 .data          0x81016798       0x40 binaries/evec.o
                0x81016798                expmsg2
                0x810167ac                expmsg1
 .data          0x810167d8        0x0 binaries/exit.o
 .data          0x810167d8        0x0 binaries/freebuf.o
 .data          0x810167d8        0x0 binaries/freemem.o
 .data          0x810167d8        0x0 binaries/getbuf.o
 .data          0x810167d8        0x0 binaries/getc.o
 .data          0x810167d8        0x0 binaries/getdev.o
 .data          0x810167d8        0x0 binaries/getitem.o
 .data          0x810167d8        0x0 binaries/getmem.o
 .data          0x810167d8        0x0 binaries/getpid.o
 .data          0x810167d8        0x0 binaries/getprio.o
 .data          0x810167d8        0x0 binaries/getstk.o
 .data          0x810167d8        0x0 binaries/getticks.o
 .data          0x810167d8        0x0 binaries/gettime.o
 .data          0x810167d8        0x0 binaries/getutime.o
 .data          0x810167d8        0x0 binaries/init.o
 .data          0x810167d8        0x0 binaries/initialize.o
 .data          0x810167d8        0x0 binaries/insert.o
 .data          0x810167d8        0x0 binaries/insertd.o
 .data          0x810167d8        0x0 binaries/ioerr.o
 .data          0x810167d8        0x0 binaries/ionull.o
 .data          0x810167d8        0x0 binaries/kill.o
 .data          0x810167d8        0x0 binaries/kprintf.o
 .data          0x810167d8        0x0 binaries/main.o
 .data          0x810167d8        0x0 binaries/mark.o
 .data          0x810167d8        0x0 binaries/meminit.o
 .data          0x810167d8        0x0 binaries/mkbufpool.o
 .data          0x810167d8        0x2 binaries/newqueue.o
 .data          0x810167da        0x0 binaries/open.o
 .data          0x810167da        0x0 binaries/panic.o
 .data          0x810167da        0x0 binaries/platinit.o
 .data          0x810167da        0x0 binaries/ptclear.o
 .data          0x810167da        0x0 binaries/ptcount.o
 .data          0x810167da        0x0 binaries/ptcreate.o
 .data          0x810167da        0x0 binaries/ptinit.o
 .data          0x810167da        0x0 binaries/ptrecv.o
 .data          0x810167da        0x0 binaries/ptreset.o
 .data          0x810167da        0x0 binaries/ptsend.o
 .data          0x810167da        0x0 binaries/putc.o
 .data          0x810167da        0x0 binaries/queue.o
 .data          0x810167da        0x0 binaries/read.o
 .data          0x810167da        0x0 binaries/ready.o
 .data          0x810167da        0x0 binaries/receive.o
 .data          0x810167da        0x0 binaries/recvclr.o
 .data          0x810167da        0x0 binaries/recvtime.o
 .data          0x810167da        0x0 binaries/resched.o
 .data          0x810167da        0x0 binaries/resume.o
 .data          0x810167da        0x0 binaries/seek.o
 .data          0x810167da        0x0 binaries/semcount.o
 .data          0x810167da        0x0 binaries/semcreate.o
 .data          0x810167da        0x0 binaries/semdelete.o
 .data          0x810167da        0x0 binaries/semreset.o
 .data          0x810167da        0x0 binaries/send.o
 .data          0x810167da        0x0 binaries/signal.o
 .data          0x810167da        0x0 binaries/signaln.o
 .data          0x810167da        0x0 binaries/sleep.o
 .data          0x810167da        0x0 binaries/suspend.o
 .data          0x810167da        0x0 binaries/unsleep.o
 .data          0x810167da        0x0 binaries/userret.o
 .data          0x810167da        0x0 binaries/wait.o
 .data          0x810167da        0x0 binaries/wakeup.o
 .data          0x810167da        0x0 binaries/write.o
 .data          0x810167da        0x0 binaries/xdone.o
 .data          0x810167da        0x0 binaries/yield.o
 .data          0x810167da        0x0 binaries/abs.o
 .data          0x810167da        0x0 binaries/atoi.o
 .data          0x810167da        0x0 binaries/atol.o
 .data          0x810167da        0x0 binaries/bzero.o
 .data          0x810167da        0x0 binaries/ctype_.o
 .data          0x810167da        0x0 binaries/doprnt.o
 *fill*         0x810167da        0x2 
 .data          0x810167dc       0x80 binaries/doscan.o
                0x810167dc                _sctab
 .data          0x8101685c        0x0 binaries/fdoprnt.o
 .data          0x8101685c        0x0 binaries/fgetc.o
 .data          0x8101685c        0x0 binaries/fgets.o
 .data          0x8101685c        0x0 binaries/fprintf.o
 .data          0x8101685c        0x0 binaries/fputc.o
 .data          0x8101685c        0x0 binaries/fputs.o
 .data          0x8101685c        0x0 binaries/fscanf.o
 .data          0x8101685c        0x0 binaries/getchar.o
 .data          0x8101685c        0x0 binaries/labs.o
 .data          0x8101685c        0x0 binaries/memchr.o
 .data          0x8101685c        0x0 binaries/memcmp.o
 .data          0x8101685c        0x0 binaries/memcpy.o
 .data          0x8101685c        0x0 binaries/memset.o
 .data          0x8101685c        0x0 binaries/printf.o
 .data          0x8101685c        0x0 binaries/putchar.o
 .data          0x8101685c        0x0 binaries/qsort.o
 .data          0x8101685c        0x4 binaries/rand.o
 .data          0x81016860        0x0 binaries/sprintf.o
 .data          0x81016860        0x0 binaries/sscanf.o
 .data          0x81016860        0x0 binaries/strchr.o
 .data          0x81016860        0x0 binaries/strcmp.o
 .data          0x81016860        0x0 binaries/strcpy.o
 .data          0x81016860        0x0 binaries/strlen.o
 .data          0x81016860        0x0 binaries/strncat.o
 .data          0x81016860        0x0 binaries/strncmp.o
 .data          0x81016860        0x0 binaries/strncpy.o
 .data          0x81016860        0x0 binaries/strnlen.o
 .data          0x81016860        0x0 binaries/strrchr.o
 .data          0x81016860        0x0 binaries/strstr.o
 .data          0x81016860        0x0 binaries/ttycontrol.o
 .data          0x81016860        0x0 binaries/ttygetc.o
 .data          0x81016860        0x0 binaries/ttyhandle_in.o
 .data          0x81016860        0x0 binaries/ttyhandle_out.o
 .data          0x81016860        0x0 binaries/ttyhandler.o
 .data          0x81016860        0x0 binaries/ttyinit.o
 .data          0x81016860        0x0 binaries/ttykickout.o
 .data          0x81016860        0x0 binaries/ttyputc.o
 .data          0x81016860        0x0 binaries/ttyread.o
 .data          0x81016860        0x0 binaries/ttywrite.o
 .data          0x81016860        0x0 binaries/mount.o
 .data          0x81016860        0x0 binaries/naminit.o
 .data          0x81016860        0x0 binaries/nammap.o
 .data          0x81016860        0x0 binaries/namopen.o
 .data          0x81016860        0x0 binaries/ethcontrol.o
 .data          0x81016860        0x0 binaries/ethhandler.o
 .data          0x81016860        0x0 binaries/ethinit.o
 .data          0x81016860        0x0 binaries/ethread.o
 .data          0x81016860        0x0 binaries/ethwrite.o
 .data          0x81016860        0x0 binaries/rdsbufalloc.o
 .data          0x81016860        0x0 binaries/rdsclose.o
 .data          0x81016860        0x0 binaries/rdscomm.o
 .data          0x81016860        0x0 binaries/rdscontrol.o
 .data          0x81016860        0x0 binaries/rdsinit.o
 .data          0x81016860        0x0 binaries/rdsopen.o
 .data          0x81016860        0x0 binaries/rdsprocess.o
 .data          0x81016860        0x0 binaries/rdsread.o
 .data          0x81016860        0x0 binaries/rdswrite.o
 .data          0x81016860        0x0 binaries/ramclose.o
 .data          0x81016860        0x0 binaries/raminit.o
 .data          0x81016860        0x0 binaries/ramopen.o
 .data          0x81016860        0x0 binaries/ramread.o
 .data          0x81016860        0x0 binaries/ramwrite.o
 .data          0x81016860        0x0 binaries/lfdballoc.o
 .data          0x81016860        0x0 binaries/lfdbfree.o
 .data          0x81016860        0x0 binaries/lfflush.o
 .data          0x81016860        0x0 binaries/lfgetmode.o
 .data          0x81016860        0x0 binaries/lfiballoc.o
 .data          0x81016860        0x0 binaries/lfibclear.o
 .data          0x81016860        0x0 binaries/lfibget.o
 .data          0x81016860        0x0 binaries/lfibput.o
 .data          0x81016860        0x0 binaries/lflclose.o
 .data          0x81016860        0x0 binaries/lflcontrol.o
 .data          0x81016860        0x0 binaries/lflgetc.o
 .data          0x81016860        0x0 binaries/lflinit.o
 .data          0x81016860        0x0 binaries/lflputc.o
 .data          0x81016860        0x0 binaries/lflread.o
 .data          0x81016860        0x0 binaries/lflseek.o
 .data          0x81016860        0x0 binaries/lflwrite.o
 .data          0x81016860        0x0 binaries/lfscheck.o
 .data          0x81016860        0x0 binaries/lfsckfmt.o
 .data          0x81016860        0x0 binaries/lfscreate.o
 .data          0x81016860        0x0 binaries/lfsetup.o
 .data          0x81016860        0x0 binaries/lfsinit.o
 .data          0x81016860        0x0 binaries/lfsopen.o
 .data          0x81016860        0x0 binaries/lftruncate.o
 .data          0x81016860        0x0 binaries/rflclose.o
 .data          0x81016860        0x0 binaries/rflgetc.o
 .data          0x81016860        0x0 binaries/rflinit.o
 .data          0x81016860        0x0 binaries/rflputc.o
 .data          0x81016860        0x0 binaries/rflread.o
 .data          0x81016860        0x0 binaries/rflseek.o
 .data          0x81016860        0x0 binaries/rflwrite.o
 .data          0x81016860        0x0 binaries/rfscomm.o
 .data          0x81016860        0x0 binaries/rfscontrol.o
 .data          0x81016860        0x0 binaries/rfsgetmode.o
 .data          0x81016860        0x0 binaries/rfsinit.o
 .data          0x81016860        0x0 binaries/rfsndmsg.o
 .data          0x81016860        0x0 binaries/rfsopen.o
 .data          0x81016860        0x0 binaries/spicontrol.o
 .data          0x81016860        0x0 binaries/spiinit.o
 .data          0x81016860        0x0 binaries/gpgetc.o
 .data          0x81016860        0x0 binaries/gpinit.o
 .data          0x81016860        0x0 binaries/gpputc.o
 .data          0x81016860        0x0 binaries/anlinit.o
 .data          0x81016860        0x0 binaries/anlread.o
 .data          0x81016860        0x0 binaries/arp.o
 .data          0x81016860        0x0 binaries/dhcp.o
 .data          0x81016860        0x0 binaries/dns.o
 .data          0x81016860        0x0 binaries/dot2ip.o
 .data          0x81016860        0x0 binaries/hexdump.o
 .data          0x81016860        0x4 binaries/icmp.o
 .data          0x81016864        0x0 binaries/ip.o
 .data          0x81016864        0x0 binaries/net.o
 .data          0x81016864        0x0 binaries/pdump.o
 .data          0x81016864        0x0 binaries/tftp.o
 .data          0x81016864        0x4 binaries/udp.o
 .data          0x81016868        0x0 binaries/addargs.o
 .data          0x81016868        0x0 binaries/lexan.o
 .data          0x81016868        0x4 binaries/shell.o
                0x81016868                ncmd
 .data          0x8101686c        0x0 binaries/xsh_argecho.o
 .data          0x8101686c        0x0 binaries/xsh_arp.o
 .data          0x8101686c        0x0 binaries/xsh_cat.o
 .data          0x8101686c        0x0 binaries/xsh_clear.o
 .data          0x8101686c        0x0 binaries/xsh_date.o
 .data          0x8101686c        0x0 binaries/xsh_devdump.o
 .data          0x8101686c        0x0 binaries/xsh_echo.o
 .data          0x8101686c        0x0 binaries/xsh_exit.o
 .data          0x8101686c        0x0 binaries/xsh_help.o
 .data          0x8101686c        0x0 binaries/xsh_kill.o
 .data          0x8101686c        0x0 binaries/xsh_memdump.o
 .data          0x8101686c        0x0 binaries/xsh_memstat.o
 .data          0x8101686c        0x0 binaries/xsh_netinfo.o
 .data          0x8101686c        0x0 binaries/xsh_ping.o
 .data          0x8101686c        0x0 binaries/xsh_ps.o
 .data          0x8101686c        0x0 binaries/xsh_sleep.o
 .data          0x8101686c        0x0 binaries/xsh_udpdump.o
 .data          0x8101686c        0x0 binaries/xsh_udpecho.o
 .data          0x8101686c        0x0 binaries/xsh_udpserver.o
 .data          0x8101686c        0x0 binaries/xsh_uptime.o
 .data          0x8101686c        0x0 binaries/ctxsw.o
 .data          0x8101686c        0x0 binaries/intr.o
 .data          0x8101686c        0x0 ../cross_compiler/lib/gcc/arm-none-eabi/4.8.1//libgcc.a(_udivsi3.o)
 .data          0x8101686c        0x0 ../cross_compiler/lib/gcc/arm-none-eabi/4.8.1//libgcc.a(_divsi3.o)
 .data          0x8101686c        0x0 ../cross_compiler/lib/gcc/arm-none-eabi/4.8.1//libgcc.a(_dvmd_tls.o)
 .data          0x8101686c        0x0 ../cross_compiler/lib/gcc/arm-none-eabi/4.8.1//libgcc.a(_arm_muldivdf3.o)
 .data          0x8101686c        0x0 ../cross_compiler/lib/gcc/arm-none-eabi/4.8.1//libgcc.a(_arm_cmpdf2.o)
 .data          0x8101686c        0x0 ../cross_compiler/lib/gcc/arm-none-eabi/4.8.1//libgcc.a(_arm_fixdfsi.o)
                0x8101686c                edata = ABSOLUTE (.)
                0x81017000                . = ALIGN (0x1000)
 *fill*         0x8101686c      0x794 

.igot.plt       0x81017000        0x0
 .igot.plt      0x00000000        0x0 binaries/start.o

.bss            0x81017000    0x20000
                0x81017000                bss = ABSOLUTE (.)
 *(.bss .bss.*)
 .bss           0x81017000        0x0 binaries/start.o
 .bss           0x81017000        0x0 binaries/ascdate.o
 .bss           0x81017000        0x0 binaries/bufinit.o
 .bss           0x81017000        0x0 binaries/chprio.o
 .bss           0x81017000        0x0 binaries/clkhandler.o
 .bss           0x81017000        0x4 binaries/clkinit.o
                0x81017000                ctr1000
 .bss           0x81017004        0x0 binaries/close.o
 .bss           0x81017004        0x0 binaries/conf.o
 .bss           0x81017004        0x0 binaries/control.o
 .bss           0x81017004        0x0 binaries/create.o
 .bss           0x81017004        0x0 binaries/evec.o
 .bss           0x81017004        0x0 binaries/exit.o
 .bss           0x81017004        0x0 binaries/freebuf.o
 .bss           0x81017004        0x0 binaries/freemem.o
 .bss           0x81017004        0x0 binaries/getbuf.o
 .bss           0x81017004        0x0 binaries/getc.o
 .bss           0x81017004        0x0 binaries/getdev.o
 .bss           0x81017004        0x0 binaries/getitem.o
 .bss           0x81017004        0x0 binaries/getmem.o
 .bss           0x81017004        0x0 binaries/getpid.o
 .bss           0x81017004        0x0 binaries/getprio.o
 .bss           0x81017004        0x0 binaries/getstk.o
 .bss           0x81017004        0x0 binaries/getticks.o
 .bss           0x81017004        0x0 binaries/gettime.o
 .bss           0x81017004        0x0 binaries/getutime.o
 .bss           0x81017004        0x0 binaries/init.o
 .bss           0x81017004        0x0 binaries/initialize.o
 .bss           0x81017004        0x0 binaries/insert.o
 .bss           0x81017004        0x0 binaries/insertd.o
 .bss           0x81017004        0x0 binaries/ioerr.o
 .bss           0x81017004        0x0 binaries/ionull.o
 .bss           0x81017004        0x0 binaries/kill.o
 .bss           0x81017004        0x0 binaries/kprintf.o
 .bss           0x81017004        0x0 binaries/main.o
 .bss           0x81017004        0x0 binaries/mark.o
 .bss           0x81017004        0x0 binaries/meminit.o
 .bss           0x81017004        0x0 binaries/mkbufpool.o
 .bss           0x81017004        0x0 binaries/newqueue.o
 .bss           0x81017004        0x0 binaries/open.o
 .bss           0x81017004        0x0 binaries/panic.o
 .bss           0x81017004        0x0 binaries/platinit.o
 .bss           0x81017004        0x0 binaries/ptclear.o
 .bss           0x81017004        0x0 binaries/ptcount.o
 .bss           0x81017004        0x0 binaries/ptcreate.o
 .bss           0x81017004        0x0 binaries/ptinit.o
 .bss           0x81017004        0x0 binaries/ptrecv.o
 .bss           0x81017004        0x0 binaries/ptreset.o
 .bss           0x81017004        0x0 binaries/ptsend.o
 .bss           0x81017004        0x0 binaries/putc.o
 .bss           0x81017004        0x0 binaries/queue.o
 .bss           0x81017004        0x0 binaries/read.o
 .bss           0x81017004        0x0 binaries/ready.o
 .bss           0x81017004        0x0 binaries/receive.o
 .bss           0x81017004        0x0 binaries/recvclr.o
 .bss           0x81017004        0x0 binaries/recvtime.o
 .bss           0x81017004        0x0 binaries/resched.o
 .bss           0x81017004        0x0 binaries/resume.o
 .bss           0x81017004        0x0 binaries/seek.o
 .bss           0x81017004        0x0 binaries/semcount.o
 .bss           0x81017004        0x4 binaries/semcreate.o
 .bss           0x81017008        0x0 binaries/semdelete.o
 .bss           0x81017008        0x0 binaries/semreset.o
 .bss           0x81017008        0x0 binaries/send.o
 .bss           0x81017008        0x0 binaries/signal.o
 .bss           0x81017008        0x0 binaries/signaln.o
 .bss           0x81017008        0x0 binaries/sleep.o
 .bss           0x81017008        0x0 binaries/suspend.o
 .bss           0x81017008        0x0 binaries/unsleep.o
 .bss           0x81017008        0x0 binaries/userret.o
 .bss           0x81017008        0x0 binaries/wait.o
 .bss           0x81017008        0x0 binaries/wakeup.o
 .bss           0x81017008        0x0 binaries/write.o
 .bss           0x81017008        0x0 binaries/xdone.o
 .bss           0x81017008        0x0 binaries/yield.o
 .bss           0x81017008        0x0 binaries/abs.o
 .bss           0x81017008        0x0 binaries/atoi.o
 .bss           0x81017008        0x0 binaries/atol.o
 .bss           0x81017008        0x0 binaries/bzero.o
 .bss           0x81017008        0x0 binaries/ctype_.o
 .bss           0x81017008        0x0 binaries/doprnt.o
 .bss           0x81017008        0x0 binaries/doscan.o
 .bss           0x81017008        0x0 binaries/fdoprnt.o
 .bss           0x81017008        0x0 binaries/fgetc.o
 .bss           0x81017008        0x0 binaries/fgets.o
 .bss           0x81017008        0x0 binaries/fprintf.o
 .bss           0x81017008        0x0 binaries/fputc.o
 .bss           0x81017008        0x0 binaries/fputs.o
 .bss           0x81017008        0x0 binaries/fscanf.o
 .bss           0x81017008        0x0 binaries/getchar.o
 .bss           0x81017008        0x0 binaries/labs.o
 .bss           0x81017008        0x0 binaries/memchr.o
 .bss           0x81017008        0x0 binaries/memcmp.o
 .bss           0x81017008        0x0 binaries/memcpy.o
 .bss           0x81017008        0x0 binaries/memset.o
 .bss           0x81017008        0x0 binaries/printf.o
 .bss           0x81017008        0x0 binaries/putchar.o
 .bss           0x81017008        0x8 binaries/qsort.o
 .bss           0x81017010        0x0 binaries/rand.o
 .bss           0x81017010        0x0 binaries/sprintf.o
 .bss           0x81017010        0x0 binaries/sscanf.o
 .bss           0x81017010        0x0 binaries/strchr.o
 .bss           0x81017010        0x0 binaries/strcmp.o
 .bss           0x81017010        0x0 binaries/strcpy.o
 .bss           0x81017010        0x0 binaries/strlen.o
 .bss           0x81017010        0x0 binaries/strncat.o
 .bss           0x81017010        0x0 binaries/strncmp.o
 .bss           0x81017010        0x0 binaries/strncpy.o
 .bss           0x81017010        0x0 binaries/strnlen.o
 .bss           0x81017010        0x0 binaries/strrchr.o
 .bss           0x81017010        0x0 binaries/strstr.o
 .bss           0x81017010        0x0 binaries/ttycontrol.o
 .bss           0x81017010        0x0 binaries/ttygetc.o
 .bss           0x81017010        0x0 binaries/ttyhandle_in.o
 .bss           0x81017010        0x0 binaries/ttyhandle_out.o
 .bss           0x81017010        0x0 binaries/ttyhandler.o
 .bss           0x81017010        0x0 binaries/ttyinit.o
 .bss           0x81017010        0x0 binaries/ttykickout.o
 .bss           0x81017010        0x0 binaries/ttyputc.o
 .bss           0x81017010        0x0 binaries/ttyread.o
 .bss           0x81017010        0x0 binaries/ttywrite.o
 .bss           0x81017010        0x0 binaries/mount.o
 .bss           0x81017010        0x0 binaries/naminit.o
 .bss           0x81017010        0x0 binaries/nammap.o
 .bss           0x81017010        0x0 binaries/namopen.o
 .bss           0x81017010        0x0 binaries/ethcontrol.o
 .bss           0x81017010        0x0 binaries/ethhandler.o
 .bss           0x81017010        0x0 binaries/ethinit.o
 .bss           0x81017010        0x0 binaries/ethread.o
 .bss           0x81017010        0x0 binaries/ethwrite.o
 .bss           0x81017010        0x0 binaries/rdsbufalloc.o
 .bss           0x81017010        0x0 binaries/rdsclose.o
 .bss           0x81017010        0x0 binaries/rdscomm.o
 .bss           0x81017010        0x0 binaries/rdscontrol.o
 .bss           0x81017010        0x0 binaries/rdsinit.o
 .bss           0x81017010        0x0 binaries/rdsopen.o
 .bss           0x81017010        0x0 binaries/rdsprocess.o
 .bss           0x81017010        0x0 binaries/rdsread.o
 .bss           0x81017010        0x0 binaries/rdswrite.o
 .bss           0x81017010        0x0 binaries/ramclose.o
 .bss           0x81017010        0x0 binaries/raminit.o
 .bss           0x81017010        0x0 binaries/ramopen.o
 .bss           0x81017010        0x0 binaries/ramread.o
 .bss           0x81017010        0x0 binaries/ramwrite.o
 .bss           0x81017010        0x0 binaries/lfdballoc.o
 .bss           0x81017010        0x0 binaries/lfdbfree.o
 .bss           0x81017010        0x0 binaries/lfflush.o
 .bss           0x81017010        0x0 binaries/lfgetmode.o
 .bss           0x81017010        0x0 binaries/lfiballoc.o
 .bss           0x81017010        0x0 binaries/lfibclear.o
 .bss           0x81017010        0x0 binaries/lfibget.o
 .bss           0x81017010        0x0 binaries/lfibput.o
 .bss           0x81017010        0x0 binaries/lflclose.o
 .bss           0x81017010        0x0 binaries/lflcontrol.o
 .bss           0x81017010        0x0 binaries/lflgetc.o
 .bss           0x81017010        0x0 binaries/lflinit.o
 .bss           0x81017010        0x0 binaries/lflputc.o
 .bss           0x81017010        0x0 binaries/lflread.o
 .bss           0x81017010        0x0 binaries/lflseek.o
 .bss           0x81017010        0x0 binaries/lflwrite.o
 .bss           0x81017010        0x0 binaries/lfscheck.o
 .bss           0x81017010        0x0 binaries/lfsckfmt.o
 .bss           0x81017010        0x0 binaries/lfscreate.o
 .bss           0x81017010        0x0 binaries/lfsetup.o
 .bss           0x81017010        0x0 binaries/lfsinit.o
 .bss           0x81017010        0x0 binaries/lfsopen.o
 .bss           0x81017010        0x0 binaries/lftruncate.o
 .bss           0x81017010        0x0 binaries/rflclose.o
 .bss           0x81017010        0x0 binaries/rflgetc.o
 .bss           0x81017010        0x0 binaries/rflinit.o
 .bss           0x81017010        0x0 binaries/rflputc.o
 .bss           0x81017010        0x0 binaries/rflread.o
 .bss           0x81017010        0x0 binaries/rflseek.o
 .bss           0x81017010        0x0 binaries/rflwrite.o
 .bss           0x81017010        0x0 binaries/rfscomm.o
 .bss           0x81017010        0x0 binaries/rfscontrol.o
 .bss           0x81017010        0x0 binaries/rfsgetmode.o
 .bss           0x81017010        0x0 binaries/rfsinit.o
 .bss           0x81017010        0x0 binaries/rfsndmsg.o
 .bss           0x81017010        0x0 binaries/rfsopen.o
 .bss           0x81017010        0x0 binaries/spicontrol.o
 .bss           0x81017010        0x0 binaries/spiinit.o
 .bss           0x81017010        0x0 binaries/gpgetc.o
 .bss           0x81017010        0x0 binaries/gpinit.o
 .bss           0x81017010        0x0 binaries/gpputc.o
 .bss           0x81017010        0x0 binaries/anlinit.o
 .bss           0x81017010        0x0 binaries/anlread.o
 .bss           0x81017010        0x0 binaries/arp.o
 .bss           0x81017010        0x0 binaries/dhcp.o
 .bss           0x81017010        0x0 binaries/dns.o
 .bss           0x81017010        0x0 binaries/dot2ip.o
 .bss           0x81017010        0x0 binaries/hexdump.o
 .bss           0x81017010        0x0 binaries/icmp.o
 .bss           0x81017010        0x0 binaries/ip.o
 .bss           0x81017010        0x0 binaries/net.o
 .bss           0x81017010        0x0 binaries/pdump.o
 .bss           0x81017010        0x0 binaries/tftp.o
 .bss           0x81017010        0x0 binaries/udp.o
 .bss           0x81017010        0x0 binaries/addargs.o
 .bss           0x81017010        0x0 binaries/lexan.o
 .bss           0x81017010        0x0 binaries/shell.o
 .bss           0x81017010        0x0 binaries/xsh_argecho.o
 .bss           0x81017010        0x0 binaries/xsh_arp.o
 .bss           0x81017010        0x0 binaries/xsh_cat.o
 .bss           0x81017010        0x0 binaries/xsh_clear.o
 .bss           0x81017010        0x0 binaries/xsh_date.o
 .bss           0x81017010        0x0 binaries/xsh_devdump.o
 .bss           0x81017010        0x0 binaries/xsh_echo.o
 .bss           0x81017010        0x0 binaries/xsh_exit.o
 .bss           0x81017010        0x0 binaries/xsh_help.o
 .bss           0x81017010        0x0 binaries/xsh_kill.o
 .bss           0x81017010        0x0 binaries/xsh_memdump.o
 .bss           0x81017010        0x0 binaries/xsh_memstat.o
 .bss           0x81017010        0x0 binaries/xsh_netinfo.o
 .bss           0x81017010        0x4 binaries/xsh_ping.o
 .bss           0x81017014        0x0 binaries/xsh_ps.o
 .bss           0x81017014        0x0 binaries/xsh_sleep.o
 .bss           0x81017014        0x0 binaries/xsh_udpdump.o
 .bss           0x81017014        0x0 binaries/xsh_udpecho.o
 .bss           0x81017014        0x0 binaries/xsh_udpserver.o
 .bss           0x81017014        0x0 binaries/xsh_uptime.o
 .bss           0x81017014        0x0 binaries/ctxsw.o
 .bss           0x81017014        0x0 binaries/intr.o
 .bss           0x81017014        0x0 ../cross_compiler/lib/gcc/arm-none-eabi/4.8.1//libgcc.a(_udivsi3.o)
 .bss           0x81017014        0x0 ../cross_compiler/lib/gcc/arm-none-eabi/4.8.1//libgcc.a(_divsi3.o)
 .bss           0x81017014        0x0 ../cross_compiler/lib/gcc/arm-none-eabi/4.8.1//libgcc.a(_dvmd_tls.o)
 .bss           0x81017014        0x0 ../cross_compiler/lib/gcc/arm-none-eabi/4.8.1//libgcc.a(_arm_muldivdf3.o)
 .bss           0x81017014        0x0 ../cross_compiler/lib/gcc/arm-none-eabi/4.8.1//libgcc.a(_arm_cmpdf2.o)
 .bss           0x81017014        0x0 ../cross_compiler/lib/gcc/arm-none-eabi/4.8.1//libgcc.a(_arm_fixdfsi.o)
 *(COMMON)
 COMMON         0x81017014       0xf4 binaries/bufinit.o
                0x81017014                buftab
                0x81017104                nbpools
 COMMON         0x81017108        0xc binaries/clkinit.o
                0x81017108                sleepq
                0x8101710c                preempt
                0x81017110                clktime
 COMMON         0x81017114      0x200 binaries/evec.o
                0x81017114                intc_vector
 COMMON         0x81017314     0x1aa0 binaries/initialize.o
                0x81017314                currpid
                0x81017318                proctab
                0x810188f8                prcount
                0x810188fc                semtab
                0x81018dac                memlist
 COMMON         0x81018db4       0x74 binaries/main.o
                0x81018db4                queue
                0x81018de8                producer_id
                0x81018dec                mtxQueue
                0x81018df0                consumer_id
                0x81018df4                theQueue
 COMMON         0x81018e28       0x58 binaries/mark.o
                0x81018e28                marks
                0x81018e78                nmarks
                0x81018e7c                mkmutex
 COMMON         0x81018e80        0x8 binaries/meminit.o
                0x81018e80                minheap
                0x81018e84                maxheap
 COMMON         0x81018e88      0x2d8 binaries/ptinit.o
                0x81018e88                porttab
                0x81019158                ptnextid
                0x8101915c                ptfree
 COMMON         0x81019160      0x980 binaries/queue.o
                0x81019160                queuetab
 COMMON         0x81019ae0        0x2 binaries/ready.o
                0x81019ae0                readylist
 *fill*         0x81019ae2        0x2 
 COMMON         0x81019ae4        0x8 binaries/resched.o
                0x81019ae4                Defer
 COMMON         0x81019aec      0x110 binaries/ttyinit.o
                0x81019aec                ttytab
 COMMON         0x81019bfc     0x19a4 binaries/naminit.o
                0x81019bfc                nnames
                0x81019c00                nametab
 COMMON         0x8101b5a0      0x154 binaries/ethinit.o
                0x8101b5a0                eth_a_regs
                0x8101b5bc                ethertab
 COMMON         0x8101b6f4       0x8c binaries/rdsinit.o
                0x8101b6f4                rdstab
 COMMON         0x8101b780    0x19000 binaries/raminit.o
                0x8101b780                Ram
 COMMON         0x81034780      0xf00 binaries/lflinit.o
                0x81034780                lfltab
 COMMON         0x81035680      0x20c binaries/lfsinit.o
                0x81035680                Lf_data
 COMMON         0x8103588c      0x5a0 binaries/rflinit.o
                0x8103588c                rfltab
 COMMON         0x81035e2c       0x18 binaries/rfsinit.o
                0x81035e2c                Rf_data
 COMMON         0x81035e44      0x140 binaries/arp.o
                0x81035e44                arpcache
 COMMON         0x81035f84      0x230 binaries/icmp.o
                0x81035f84                icmptab
 COMMON         0x810361b4       0x2c binaries/ip.o
                0x810361b4                ipoqueue
 COMMON         0x810361e0       0xb8 binaries/net.o
                0x810361e0                netbufpool
                0x810361e4                netportseed
                0x810361e8                NetData
 COMMON         0x81036298      0x168 binaries/udp.o
                0x81036298                udptab
                0x81036400                ebss = ABSOLUTE (.)
                0x81037000                . = ALIGN (0x1000)
 *fill*         0x81036400      0xc00 
 */()
                0x81037000                end = ABSOLUTE (.)
                0x81037000                _end = ABSOLUTE (.)
                0x81037000                . = ALIGN (0x1000)
LOAD binaries/start.o
LOAD binaries/ascdate.o
LOAD binaries/bufinit.o
LOAD binaries/chprio.o
LOAD binaries/clkhandler.o
LOAD binaries/clkinit.o
LOAD binaries/close.o
LOAD binaries/conf.o
LOAD binaries/control.o
LOAD binaries/create.o
LOAD binaries/evec.o
LOAD binaries/exit.o
LOAD binaries/freebuf.o
LOAD binaries/freemem.o
LOAD binaries/getbuf.o
LOAD binaries/getc.o
LOAD binaries/getdev.o
LOAD binaries/getitem.o
LOAD binaries/getmem.o
LOAD binaries/getpid.o
LOAD binaries/getprio.o
LOAD binaries/getstk.o
LOAD binaries/getticks.o
LOAD binaries/gettime.o
LOAD binaries/getutime.o
LOAD binaries/init.o
LOAD binaries/initialize.o
LOAD binaries/insert.o
LOAD binaries/insertd.o
LOAD binaries/ioerr.o
LOAD binaries/ionull.o
LOAD binaries/kill.o
LOAD binaries/kprintf.o
LOAD binaries/main.o
LOAD binaries/mark.o
LOAD binaries/meminit.o
LOAD binaries/mkbufpool.o
LOAD binaries/newqueue.o
LOAD binaries/open.o
LOAD binaries/panic.o
LOAD binaries/platinit.o
LOAD binaries/ptclear.o
LOAD binaries/ptcount.o
LOAD binaries/ptcreate.o
LOAD binaries/ptinit.o
LOAD binaries/ptrecv.o
LOAD binaries/ptreset.o
LOAD binaries/ptsend.o
LOAD binaries/putc.o
LOAD binaries/queue.o
LOAD binaries/read.o
LOAD binaries/ready.o
LOAD binaries/receive.o
LOAD binaries/recvclr.o
LOAD binaries/recvtime.o
LOAD binaries/resched.o
LOAD binaries/resume.o
LOAD binaries/seek.o
LOAD binaries/semcount.o
LOAD binaries/semcreate.o
LOAD binaries/semdelete.o
LOAD binaries/semreset.o
LOAD binaries/send.o
LOAD binaries/signal.o
LOAD binaries/signaln.o
LOAD binaries/sleep.o
LOAD binaries/suspend.o
LOAD binaries/unsleep.o
LOAD binaries/userret.o
LOAD binaries/wait.o
LOAD binaries/wakeup.o
LOAD binaries/write.o
LOAD binaries/xdone.o
LOAD binaries/yield.o
LOAD binaries/abs.o
LOAD binaries/atoi.o
LOAD binaries/atol.o
LOAD binaries/bzero.o
LOAD binaries/ctype_.o
LOAD binaries/doprnt.o
LOAD binaries/doscan.o
LOAD binaries/fdoprnt.o
LOAD binaries/fgetc.o
LOAD binaries/fgets.o
LOAD binaries/fprintf.o
LOAD binaries/fputc.o
LOAD binaries/fputs.o
LOAD binaries/fscanf.o
LOAD binaries/getchar.o
LOAD binaries/labs.o
LOAD binaries/memchr.o
LOAD binaries/memcmp.o
LOAD binaries/memcpy.o
LOAD binaries/memset.o
LOAD binaries/printf.o
LOAD binaries/putchar.o
LOAD binaries/qsort.o
LOAD binaries/rand.o
LOAD binaries/sprintf.o
LOAD binaries/sscanf.o
LOAD binaries/strchr.o
LOAD binaries/strcmp.o
LOAD binaries/strcpy.o
LOAD binaries/strlen.o
LOAD binaries/strncat.o
LOAD binaries/strncmp.o
LOAD binaries/strncpy.o
LOAD binaries/strnlen.o
LOAD binaries/strrchr.o
LOAD binaries/strstr.o
LOAD binaries/ttycontrol.o
LOAD binaries/ttygetc.o
LOAD binaries/ttyhandle_in.o
LOAD binaries/ttyhandle_out.o
LOAD binaries/ttyhandler.o
LOAD binaries/ttyinit.o
LOAD binaries/ttykickout.o
LOAD binaries/ttyputc.o
LOAD binaries/ttyread.o
LOAD binaries/ttywrite.o
LOAD binaries/mount.o
LOAD binaries/naminit.o
LOAD binaries/nammap.o
LOAD binaries/namopen.o
LOAD binaries/ethcontrol.o
LOAD binaries/ethhandler.o
LOAD binaries/ethinit.o
LOAD binaries/ethread.o
LOAD binaries/ethwrite.o
LOAD binaries/rdsbufalloc.o
LOAD binaries/rdsclose.o
LOAD binaries/rdscomm.o
LOAD binaries/rdscontrol.o
LOAD binaries/rdsinit.o
LOAD binaries/rdsopen.o
LOAD binaries/rdsprocess.o
LOAD binaries/rdsread.o
LOAD binaries/rdswrite.o
LOAD binaries/ramclose.o
[...]
 .ARM.attributes
                0x00001c18       0x35 binaries/rdsread.o
 .ARM.attributes
                0x00001c4d       0x35 binaries/rdswrite.o
 .ARM.attributes
                0x00001c82       0x35 binaries/ramclose.o
 .ARM.attributes
                0x00001cb7       0x35 binaries/raminit.o
 .ARM.attributes
                0x00001cec       0x35 binaries/ramopen.o
 .ARM.attributes
                0x00001d21       0x35 binaries/ramread.o
 .ARM.attributes
                0x00001d56       0x35 binaries/ramwrite.o
 .ARM.attributes
                0x00001d8b       0x35 binaries/lfdballoc.o
 .ARM.attributes
                0x00001dc0       0x35 binaries/lfdbfree.o
 .ARM.attributes
                0x00001df5       0x35 binaries/lfflush.o
 .ARM.attributes
                0x00001e2a       0x35 binaries/lfgetmode.o
 .ARM.attributes
                0x00001e5f       0x35 binaries/lfiballoc.o
 .ARM.attributes
                0x00001e94       0x35 binaries/lfibclear.o
 .ARM.attributes
                0x00001ec9       0x35 binaries/lfibget.o
 .ARM.attributes
                0x00001efe       0x35 binaries/lfibput.o
 .ARM.attributes
                0x00001f33       0x35 binaries/lflclose.o
 .ARM.attributes
                0x00001f68       0x35 binaries/lflcontrol.o
 .ARM.attributes
                0x00001f9d       0x35 binaries/lflgetc.o
 .ARM.attributes
                0x00001fd2       0x35 binaries/lflinit.o
 .ARM.attributes
                0x00002007       0x35 binaries/lflputc.o
 .ARM.attributes
                0x0000203c       0x35 binaries/lflread.o
 .ARM.attributes
                0x00002071       0x35 binaries/lflseek.o
 .ARM.attributes
                0x000020a6       0x35 binaries/lflwrite.o
 .ARM.attributes
                0x000020db       0x35 binaries/lfscheck.o
 .ARM.attributes
                0x00002110       0x35 binaries/lfsckfmt.o
 .ARM.attributes
                0x00002145       0x35 binaries/lfscreate.o
 .ARM.attributes
                0x0000217a       0x35 binaries/lfsetup.o
 .ARM.attributes
                0x000021af       0x35 binaries/lfsinit.o
 .ARM.attributes
                0x000021e4       0x35 binaries/lfsopen.o
 .ARM.attributes
                0x00002219       0x35 binaries/lftruncate.o
 .ARM.attributes
                0x0000224e       0x35 binaries/rflclose.o
 .ARM.attributes
                0x00002283       0x35 binaries/rflgetc.o
 .ARM.attributes
                0x000022b8       0x35 binaries/rflinit.o
 .ARM.attributes
                0x000022ed       0x35 binaries/rflputc.o
 .ARM.attributes
                0x00002322       0x35 binaries/rflread.o
 .ARM.attributes
                0x00002357       0x35 binaries/rflseek.o
 .ARM.attributes
                0x0000238c       0x35 binaries/rflwrite.o
 .ARM.attributes
                0x000023c1       0x35 binaries/rfscomm.o
 .ARM.attributes
                0x000023f6       0x35 binaries/rfscontrol.o
 .ARM.attributes
                0x0000242b       0x35 binaries/rfsgetmode.o
 .ARM.attributes
                0x00002460       0x35 binaries/rfsinit.o
 .ARM.attributes
                0x00002495       0x35 binaries/rfsndmsg.o
 .ARM.attributes
                0x000024ca       0x35 binaries/rfsopen.o
 .ARM.attributes
                0x000024ff       0x35 binaries/spicontrol.o
 .ARM.attributes
                0x00002534       0x35 binaries/spiinit.o
 .ARM.attributes
                0x00002569       0x35 binaries/gpgetc.o
 .ARM.attributes
                0x0000259e       0x35 binaries/gpinit.o
 .ARM.attributes
                0x000025d3       0x35 binaries/gpputc.o
 .ARM.attributes
                0x00002608       0x35 binaries/anlinit.o
 .ARM.attributes
                0x0000263d       0x35 binaries/anlread.o
 .ARM.attributes
                0x00002672       0x35 binaries/arp.o
 .ARM.attributes
                0x000026a7       0x35 binaries/dhcp.o
 .ARM.attributes
                0x000026dc       0x35 binaries/dns.o
 .ARM.attributes
                0x00002711       0x35 binaries/dot2ip.o
 .ARM.attributes
                0x00002746       0x35 binaries/hexdump.o
 .ARM.attributes
                0x0000277b       0x35 binaries/icmp.o
 .ARM.attributes
                0x000027b0       0x35 binaries/ip.o
 .ARM.attributes
                0x000027e5       0x35 binaries/net.o
 .ARM.attributes
                0x0000281a       0x35 binaries/pdump.o
 .ARM.attributes
                0x0000284f       0x35 binaries/tftp.o
 .ARM.attributes
                0x00002884       0x35 binaries/udp.o
 .ARM.attributes
                0x000028b9       0x35 binaries/addargs.o
 .ARM.attributes
                0x000028ee       0x35 binaries/lexan.o
 .ARM.attributes
                0x00002923       0x35 binaries/shell.o
 .ARM.attributes
                0x00002958       0x35 binaries/xsh_argecho.o
 .ARM.attributes
                0x0000298d       0x35 binaries/xsh_arp.o
 .ARM.attributes
                0x000029c2       0x35 binaries/xsh_cat.o
 .ARM.attributes
                0x000029f7       0x35 binaries/xsh_clear.o
 .ARM.attributes
                0x00002a2c       0x35 binaries/xsh_date.o
 .ARM.attributes
                0x00002a61       0x35 binaries/xsh_devdump.o
 .ARM.attributes
                0x00002a96       0x35 binaries/xsh_echo.o
 .ARM.attributes
                0x00002acb       0x35 binaries/xsh_exit.o
 .ARM.attributes
                0x00002b00       0x35 binaries/xsh_help.o
 .ARM.attributes
                0x00002b35       0x35 binaries/xsh_kill.o
 .ARM.attributes
                0x00002b6a       0x35 binaries/xsh_memdump.o
 .ARM.attributes
                0x00002b9f       0x35 binaries/xsh_memstat.o
 .ARM.attributes
                0x00002bd4       0x35 binaries/xsh_netinfo.o
 .ARM.attributes
                0x00002c09       0x35 binaries/xsh_ping.o
 .ARM.attributes
                0x00002c3e       0x35 binaries/xsh_ps.o
 .ARM.attributes
                0x00002c73       0x35 binaries/xsh_sleep.o
 .ARM.attributes
                0x00002ca8       0x35 binaries/xsh_udpdump.o
 .ARM.attributes
                0x00002cdd       0x35 binaries/xsh_udpecho.o
 .ARM.attributes
                0x00002d12       0x35 binaries/xsh_udpserver.o
 .ARM.attributes
                0x00002d47       0x35 binaries/xsh_uptime.o
 .ARM.attributes
                0x00002d7c       0x25 binaries/ctxsw.o
 .ARM.attributes
                0x00002da1       0x25 binaries/intr.o
 .ARM.attributes
                0x00002dc6       0x18 ../cross_compiler/lib/gcc/arm-none-eabi/4.8.1//libgcc.a(_udivsi3.o)
 .ARM.attributes
                0x00002dde       0x18 ../cross_compiler/lib/gcc/arm-none-eabi/4.8.1//libgcc.a(_divsi3.o)
 .ARM.attributes
                0x00002df6       0x18 ../cross_compiler/lib/gcc/arm-none-eabi/4.8.1//libgcc.a(_dvmd_tls.o)
 .ARM.attributes
                0x00002e0e       0x18 ../cross_compiler/lib/gcc/arm-none-eabi/4.8.1//libgcc.a(_arm_muldivdf3.o)
 .ARM.attributes
                0x00002e26       0x18 ../cross_compiler/lib/gcc/arm-none-eabi/4.8.1//libgcc.a(_arm_cmpdf2.o)
 .ARM.attributes
                0x00002e3e       0x18 ../cross_compiler/lib/gcc/arm-none-eabi/4.8.1//libgcc.a(_arm_fixdfsi.o)

.comment        0x00000000       0x30
 .comment       0x00000000       0x30 binaries/ascdate.o
                                 0x31 (size before relaxing)
 .comment       0x00000000       0x31 binaries/bufinit.o
 .comment       0x00000000       0x31 binaries/chprio.o
 .comment       0x00000000       0x31 binaries/clkhandler.o
 .comment       0x00000000       0x31 binaries/clkinit.o
 .comment       0x00000000       0x31 binaries/close.o
 .comment       0x00000000       0x31 binaries/conf.o
 .comment       0x00000000       0x31 binaries/control.o
 .comment       0x00000000       0x31 binaries/create.o
 .comment       0x00000000       0x31 binaries/evec.o
 .comment       0x00000000       0x31 binaries/exit.o
 .comment       0x00000000       0x31 binaries/freebuf.o
 .comment       0x00000000       0x31 binaries/freemem.o
 .comment       0x00000000       0x31 binaries/getbuf.o
 .comment       0x00000000       0x31 binaries/getc.o
 .comment       0x00000000       0x31 binaries/getdev.o
 .comment       0x00000000       0x31 binaries/getitem.o
 .comment       0x00000000       0x31 binaries/getmem.o
 .comment       0x00000000       0x31 binaries/getpid.o
 .comment       0x00000000       0x31 binaries/getprio.o
 .comment       0x00000000       0x31 binaries/getstk.o
 .comment       0x00000000       0x31 binaries/getticks.o
 .comment       0x00000000       0x31 binaries/gettime.o
 .comment       0x00000000       0x31 binaries/getutime.o
 .comment       0x00000000       0x31 binaries/init.o
 .comment       0x00000000       0x31 binaries/initialize.o
 .comment       0x00000000       0x31 binaries/insert.o
 .comment       0x00000000       0x31 binaries/insertd.o
 .comment       0x00000000       0x31 binaries/ioerr.o
 .comment       0x00000000       0x31 binaries/ionull.o
 .comment       0x00000000       0x31 binaries/kill.o
 .comment       0x00000000       0x31 binaries/kprintf.o
 .comment       0x00000000       0x31 binaries/main.o
 .comment       0x00000000       0x31 binaries/mark.o
 .comment       0x00000000       0x31 binaries/meminit.o
 .comment       0x00000000       0x31 binaries/mkbufpool.o
 .comment       0x00000000       0x31 binaries/newqueue.o
 .comment       0x00000000       0x31 binaries/open.o
 .comment       0x00000000       0x31 binaries/panic.o
 .comment       0x00000000       0x31 binaries/platinit.o
 .comment       0x00000000       0x31 binaries/ptclear.o
 .comment       0x00000000       0x31 binaries/ptcount.o
 .comment       0x00000000       0x31 binaries/ptcreate.o
 .comment       0x00000000       0x31 binaries/ptinit.o
 .comment       0x00000000       0x31 binaries/ptrecv.o
 .comment       0x00000000       0x31 binaries/ptreset.o
 .comment       0x00000000       0x31 binaries/ptsend.o
 .comment       0x00000000       0x31 binaries/putc.o
 .comment       0x00000000       0x31 binaries/queue.o
 .comment       0x00000000       0x31 binaries/read.o
 .comment       0x00000000       0x31 binaries/ready.o
 .comment       0x00000000       0x31 binaries/receive.o
 .comment       0x00000000       0x31 binaries/recvclr.o
 .comment       0x00000000       0x31 binaries/recvtime.o
 .comment       0x00000000       0x31 binaries/resched.o
 .comment       0x00000000       0x31 binaries/resume.o
 .comment       0x00000000       0x31 binaries/seek.o
 .comment       0x00000000       0x31 binaries/semcount.o
 .comment       0x00000000       0x31 binaries/semcreate.o
 .comment       0x00000000       0x31 binaries/semdelete.o
 .comment       0x00000000       0x31 binaries/semreset.o
 .comment       0x00000000       0x31 binaries/send.o
 .comment       0x00000000       0x31 binaries/signal.o
 .comment       0x00000000       0x31 binaries/signaln.o
 .comment       0x00000000       0x31 binaries/sleep.o
 .comment       0x00000000       0x31 binaries/suspend.o
 .comment       0x00000000       0x31 binaries/unsleep.o
 .comment       0x00000000       0x31 binaries/userret.o
 .comment       0x00000000       0x31 binaries/wait.o
 .comment       0x00000000       0x31 binaries/wakeup.o
 .comment       0x00000000       0x31 binaries/write.o
 .comment       0x00000000       0x31 binaries/xdone.o
 .comment       0x00000000       0x31 binaries/yield.o
 .comment       0x00000000       0x31 binaries/abs.o
 .comment       0x00000000       0x31 binaries/atoi.o
 .comment       0x00000000       0x31 binaries/atol.o
 .comment       0x00000000       0x31 binaries/bzero.o
 .comment       0x00000000       0x31 binaries/ctype_.o
 .comment       0x00000000       0x31 binaries/doprnt.o
 .comment       0x00000000       0x31 binaries/doscan.o
 .comment       0x00000000       0x31 binaries/fdoprnt.o
 .comment       0x00000000       0x31 binaries/fgetc.o
 .comment       0x00000000       0x31 binaries/fgets.o
 .comment       0x00000000       0x31 binaries/fprintf.o
 .comment       0x00000000       0x31 binaries/fputc.o
 .comment       0x00000000       0x31 binaries/fputs.o
 .comment       0x00000000       0x31 binaries/fscanf.o
 .comment       0x00000000       0x31 binaries/getchar.o
 .comment       0x00000000       0x31 binaries/labs.o
 .comment       0x00000000       0x31 binaries/memchr.o
 .comment       0x00000000       0x31 binaries/memcmp.o
 .comment       0x00000000       0x31 binaries/memcpy.o
 .comment       0x00000000       0x31 binaries/memset.o
 .comment       0x00000000       0x31 binaries/printf.o
 .comment       0x00000000       0x31 binaries/putchar.o
 .comment       0x00000000       0x31 binaries/qsort.o
 .comment       0x00000000       0x31 binaries/rand.o
 .comment       0x00000000       0x31 binaries/sprintf.o
 .comment       0x00000000       0x31 binaries/sscanf.o
 .comment       0x00000000       0x31 binaries/strchr.o
 .comment       0x00000000       0x31 binaries/strcmp.o
 .comment       0x00000000       0x31 binaries/strcpy.o
 .comment       0x00000000       0x31 binaries/strlen.o
 .comment       0x00000000       0x31 binaries/strncat.o
 .comment       0x00000000       0x31 binaries/strncmp.o
 .comment       0x00000000       0x31 binaries/strncpy.o
 .comment       0x00000000       0x31 binaries/strnlen.o
 .comment       0x00000000       0x31 binaries/strrchr.o
 .comment       0x00000000       0x31 binaries/strstr.o
 .comment       0x00000000       0x31 binaries/ttycontrol.o
 .comment       0x00000000       0x31 binaries/ttygetc.o
 .comment       0x00000000       0x31 binaries/ttyhandle_in.o
 .comment       0x00000000       0x31 binaries/ttyhandle_out.o
 .comment       0x00000000       0x31 binaries/ttyhandler.o
 .comment       0x00000000       0x31 binaries/ttyinit.o
 .comment       0x00000000       0x31 binaries/ttykickout.o
 .comment       0x00000000       0x31 binaries/ttyputc.o
 .comment       0x00000000       0x31 binaries/ttyread.o
 .comment       0x00000000       0x31 binaries/ttywrite.o
 .comment       0x00000000       0x31 binaries/mount.o
 .comment       0x00000000       0x31 binaries/naminit.o
 .comment       0x00000000       0x31 binaries/nammap.o
 .comment       0x00000000       0x31 binaries/namopen.o
 .comment       0x00000000       0x31 binaries/ethcontrol.o
 .comment       0x00000000       0x31 binaries/ethhandler.o
 .comment       0x00000000       0x31 binaries/ethinit.o
 .comment       0x00000000       0x31 binaries/ethread.o
 .comment       0x00000000       0x31 binaries/ethwrite.o
 .comment       0x00000000       0x31 binaries/rdsbufalloc.o
 .comment       0x00000000       0x31 binaries/rdsclose.o
 .comment       0x00000000       0x31 binaries/rdscomm.o
 .comment       0x00000000       0x31 binaries/rdscontrol.o
 .comment       0x00000000       0x31 binaries/rdsinit.o
 .comment       0x00000000       0x31 binaries/rdsopen.o
 .comment       0x00000000       0x31 binaries/rdsprocess.o
 .comment       0x00000000       0x31 binaries/rdsread.o
 .comment       0x00000000       0x31 binaries/rdswrite.o
 .comment       0x00000000       0x31 binaries/ramclose.o
 .comment       0x00000000       0x31 binaries/raminit.o
 .comment       0x00000000       0x31 binaries/ramopen.o
 .comment       0x00000000       0x31 binaries/ramread.o
 .comment       0x00000000       0x31 binaries/ramwrite.o
 .comment       0x00000000       0x31 binaries/lfdballoc.o
 .comment       0x00000000       0x31 binaries/lfdbfree.o
 .comment       0x00000000       0x31 binaries/lfflush.o
 .comment       0x00000000       0x31 binaries/lfgetmode.o
 .comment       0x00000000       0x31 binaries/lfiballoc.o
 .comment       0x00000000       0x31 binaries/lfibclear.o
 .comment       0x00000000       0x31 binaries/lfibget.o
 .comment       0x00000000       0x31 binaries/lfibput.o
 .comment       0x00000000       0x31 binaries/lflclose.o
 .comment       0x00000000       0x31 binaries/lflcontrol.o
 .comment       0x00000000       0x31 binaries/lflgetc.o
 .comment       0x00000000       0x31 binaries/lflinit.o
 .comment       0x00000000       0x31 binaries/lflputc.o
 .comment       0x00000000       0x31 binaries/lflread.o
 .comment       0x00000000       0x31 binaries/lflseek.o
 .comment       0x00000000       0x31 binaries/lflwrite.o
 .comment       0x00000000       0x31 binaries/lfscheck.o
 .comment       0x00000000       0x31 binaries/lfsckfmt.o
 .comment       0x00000000       0x31 binaries/lfscreate.o
 .comment       0x00000000       0x31 binaries/lfsetup.o
 .comment       0x00000000       0x31 binaries/lfsinit.o
 .comment       0x00000000       0x31 binaries/lfsopen.o
 .comment       0x00000000       0x31 binaries/lftruncate.o
 .comment       0x00000000       0x31 binaries/rflclose.o
 .comment       0x00000000       0x31 binaries/rflgetc.o
 .comment       0x00000000       0x31 binaries/rflinit.o
 .comment       0x00000000       0x31 binaries/rflputc.o
 .comment       0x00000000       0x31 binaries/rflread.o
 .comment       0x00000000       0x31 binaries/rflseek.o
 .comment       0x00000000       0x31 binaries/rflwrite.o
 .comment       0x00000000       0x31 binaries/rfscomm.o
 .comment       0x00000000       0x31 binaries/rfscontrol.o
 .comment       0x00000000       0x31 binaries/rfsgetmode.o
 .comment       0x00000000       0x31 binaries/rfsinit.o
 .comment       0x00000000       0x31 binaries/rfsndmsg.o
 .comment       0x00000000       0x31 binaries/rfsopen.o
 .comment       0x00000000       0x31 binaries/spicontrol.o
 .comment       0x00000000       0x31 binaries/spiinit.o
 .comment       0x00000000       0x31 binaries/gpgetc.o
 .comment       0x00000000       0x31 binaries/gpinit.o
 .comment       0x00000000       0x31 binaries/gpputc.o
 .comment       0x00000000       0x31 binaries/anlinit.o
 .comment       0x00000000       0x31 binaries/anlread.o
 .comment       0x00000000       0x31 binaries/arp.o
 .comment       0x00000000       0x31 binaries/dhcp.o
 .comment       0x00000000       0x31 binaries/dns.o
 .comment       0x00000000       0x31 binaries/dot2ip.o
 .comment       0x00000000       0x31 binaries/hexdump.o
 .comment       0x00000000       0x31 binaries/icmp.o
 .comment       0x00000000       0x31 binaries/ip.o
 .comment       0x00000000       0x31 binaries/net.o
 .comment       0x00000000       0x31 binaries/pdump.o
 .comment       0x00000000       0x31 binaries/tftp.o
 .comment       0x00000000       0x31 binaries/udp.o
 .comment       0x00000000       0x31 binaries/addargs.o
 .comment       0x00000000       0x31 binaries/lexan.o
 .comment       0x00000000       0x31 binaries/shell.o
 .comment       0x00000000       0x31 binaries/xsh_argecho.o
 .comment       0x00000000       0x31 binaries/xsh_arp.o
 .comment       0x00000000       0x31 binaries/xsh_cat.o
 .comment       0x00000000       0x31 binaries/xsh_clear.o
 .comment       0x00000000       0x31 binaries/xsh_date.o
 .comment       0x00000000       0x31 binaries/xsh_devdump.o
 .comment       0x00000000       0x31 binaries/xsh_echo.o
 .comment       0x00000000       0x31 binaries/xsh_exit.o
 .comment       0x00000000       0x31 binaries/xsh_help.o
 .comment       0x00000000       0x31 binaries/xsh_kill.o
 .comment       0x00000000       0x31 binaries/xsh_memdump.o
 .comment       0x00000000       0x31 binaries/xsh_memstat.o
 .comment       0x00000000       0x31 binaries/xsh_netinfo.o
 .comment       0x00000000       0x31 binaries/xsh_ping.o
 .comment       0x00000000       0x31 binaries/xsh_ps.o
 .comment       0x00000000       0x31 binaries/xsh_sleep.o
 .comment       0x00000000       0x31 binaries/xsh_udpdump.o
 .comment       0x00000000       0x31 binaries/xsh_udpecho.o
 .comment       0x00000000       0x31 binaries/xsh_udpserver.o
 .comment       0x00000000       0x31 binaries/xsh_uptime.o

.debug_frame    0x00000000       0x40
 .debug_frame   0x00000000       0x20 ../cross_compiler/lib/gcc/arm-none-eabi/4.8.1//libgcc.a(_udivsi3.o)
 .debug_frame   0x00000020       0x20 ../cross_compiler/lib/gcc/arm-none-eabi/4.8.1//libgcc.a(_divsi3.o)
